
[1m[46m RUN [49m[22m [36mv4.0.18 [39m[90mC:/Users/Admin/Desktop/stc2[39m

 [31mΓ¥»[39m src/test/integration/Login.test.tsx [2m([22m[2m4 tests[22m[2m | [22m[31m4 failed[39m[2m)[22m[32m 107[2mms[22m[39m
[31m     [31m├ù[31m renders login form correctly[39m[32m 69[2mms[22m[39m
[31m     [31m├ù[31m handles successful login[39m[32m 14[2mms[22m[39m
[31m     [31m├ù[31m handles login failure[39m[32m 11[2mms[22m[39m
[31m     [31m├ù[31m handles guest login[39m[32m 11[2mms[22m[39m
node.exe : 
At C:\Program 
Files\nodejs\npx.ps1:29 char:3
+   & $NODE_EXE $NPX_CLI_JS $args
+   ~~~~~~~~~~~~~~~~~~~~~~~~~~~~~
    + CategoryInfo          : No 
   tSpecified: (:String) [], Re  
  moteException
    + FullyQualifiedErrorId : Na 
   tiveCommandError
 
[31mΓÄ»ΓÄ»ΓÄ»ΓÄ»ΓÄ»ΓÄ»ΓÄ»[39m[
1m[41m Failed Tests 4 [49m[22m
[31mΓÄ»ΓÄ»ΓÄ»ΓÄ»ΓÄ»ΓÄ»ΓÄ»[39m

[41m[1m FAIL [22m[49m src/tes
t/integration/Login.test.tsx[2m 
> [22mLogin Integration[2m > 
[22mrenders login form correctly
[41m[1m FAIL [22m[49m src/tes
t/integration/Login.test.tsx[2m 
> [22mLogin Integration[2m > 
[22mhandles successful login
[41m[1m FAIL [22m[49m src/tes
t/integration/Login.test.tsx[2m 
> [22mLogin Integration[2m > 
[22mhandles login failure
[41m[1m FAIL [22m[49m src/tes
t/integration/Login.test.tsx[2m 
> [22mLogin Integration[2m > 
[22mhandles guest login
[31m[1mError[22m: Element 
type is invalid: expected a 
string (for built-in components) 
or a class/function (for 
composite components) but got: 
undefined. You likely forgot to 
export your component from the 
file it's defined in, or you 
might have mixed up default and 
named imports.

Check the render method of 
`CarvedButton`.[39m
[90m [2mΓ¥»[22m 
createFiberFromTypeAndProps node_
modules/react-dom/cjs/react-dom-c
lient.development.js:[2m5021:28
[22m[39m
[90m [2mΓ¥»[22m 
createFiberFromElement node_modul
es/react-dom/cjs/react-dom-client
.development.js:[2m5035:14[22m
[39m
[90m [2mΓ¥»[22m 
reconcileChildFibersImpl node_mod
ules/react-dom/cjs/react-dom-clie
nt.development.js:[2m6920:31[22
m[39m
[90m [2mΓ¥»[22m node_modules/r
eact-dom/cjs/react-dom-client.dev
elopment.js:[2m7098:33[22m[39m
[90m [2mΓ¥»[22m 
reconcileChildren node_modules/re
act-dom/cjs/react-dom-client.deve
lopment.js:[2m9701:13[22m[39m
[90m [2mΓ¥»[22m 
updateFunctionComponent node_modu
les/react-dom/cjs/react-dom-clien
t.development.js:[2m10182:7[22m
[39m
[90m [2mΓ¥»[22m beginWork node
_modules/react-dom/cjs/react-dom-
client.development.js:[2m11778:1
8[22m[39m
[90m [2mΓ¥»[22m 
runWithFiberInDEV node_modules/re
act-dom/cjs/react-dom-client.deve
lopment.js:[2m874:13[22m[39m
[90m [2mΓ¥»[22m 
performUnitOfWork node_modules/re
act-dom/cjs/react-dom-client.deve
lopment.js:[2m17641:22[22m[39m
[90m [2mΓ¥»[22m workLoopSync n
ode_modules/react-dom/cjs/react-d
om-client.development.js:[2m1746
9:41[22m[39m

[31m[2mΓÄ»ΓÄ»ΓÄ»ΓÄ»ΓÄ»ΓÄ»ΓÄ»ΓÄ»
ΓÄ»ΓÄ»ΓÄ»ΓÄ»ΓÄ»ΓÄ»ΓÄ»ΓÄ»ΓÄ»ΓÄ»ΓÄ»
ΓÄ»ΓÄ»ΓÄ»ΓÄ»ΓÄ»[1/4]ΓÄ»[22m[39m


[2m Test Files [22m [1m[31m1 failed[39m[22m[90m (1)[39m
[2m      Tests [22m [1m[31m4 failed[39m[22m[90m (4)[39m
[2m   Start at [22m 21:50:38
[2m   Duration [22m 2.96s[2m (transform 232ms, setup 296ms, import 539ms, tests 107ms, environment 1.73s)[22m

