collegebay/mobile/api/mutations.ts(3,50): error TS2307: Cannot find module '@/utils/secure-store' or its corresponding type declarations.
collegebay/mobile/api/mutations.ts(4,24): error TS2307: Cannot find module 'expo-router' or its corresponding type declarations.
collegebay/mobile/api/mutations.ts(5,23): error TS2307: Cannot find module 'react-native' or its corresponding type declarations.
collegebay/mobile/api/queries.ts(1,26): error TS2307: Cannot find module '@/utils/secure-store' or its corresponding type declarations.
collegebay/mobile/api/queries.ts(3,23): error TS2307: Cannot find module 'react-native' or its corresponding type declarations.
collegebay/mobile/app/(home)/(tabs)/_layout.tsx(1,38): error TS2307: Cannot find module 'expo-router' or its corresponding type declarations.
collegebay/mobile/app/(home)/(tabs)/_layout.tsx(8,8): error TS2307: Cannot find module '@expo/vector-icons' or its corresponding type declarations.
collegebay/mobile/app/(home)/(tabs)/_layout.tsx(9,21): error TS2307: Cannot find module '@/hooks/useAuth' or its corresponding type declarations.
collegebay/mobile/app/(home)/(tabs)/_layout.tsx(11,29): error TS2307: Cannot find module '@/utils/secure-store' or its corresponding type declarations.
collegebay/mobile/app/(home)/(tabs)/_layout.tsx(12,30): error TS2307: Cannot find module 'react-native-safe-area-context' or its corresponding type declarations.
collegebay/mobile/app/(home)/(tabs)/account.tsx(1,23): error TS2307: Cannot find module '@/constants/COLOR' or its corresponding type declarations.
collegebay/mobile/app/(home)/(tabs)/account.tsx(2,21): error TS2307: Cannot find module '@/hooks/useAuth' or its corresponding type declarations.
collegebay/mobile/app/(home)/(tabs)/account.tsx(3,39): error TS2307: Cannot find module '@expo/vector-icons' or its corresponding type declarations.
collegebay/mobile/app/(home)/(tabs)/account.tsx(4,24): error TS2307: Cannot find module 'expo-router' or its corresponding type declarations.
collegebay/mobile/app/(home)/(tabs)/account.tsx(5,51): error TS2307: Cannot find module 'react-native' or its corresponding type declarations.
collegebay/mobile/app/(home)/(tabs)/add.tsx(1,47): error TS2307: Cannot find module '@react-navigation/material-top-tabs' or its corresponding type declarations.
collegebay/mobile/app/(home)/(tabs)/add.tsx(2,27): error TS2307: Cannot find module '@/app/(home)/create-listing' or its corresponding type declarations.
collegebay/mobile/app/(home)/(tabs)/add.tsx(3,27): error TS2307: Cannot find module '@/app/(home)/create-request' or its corresponding type declarations.
collegebay/mobile/app/(home)/(tabs)/index.tsx(1,47): error TS2307: Cannot find module '@react-navigation/material-top-tabs' or its corresponding type declarations.
collegebay/mobile/app/(home)/(tabs)/index.tsx(2,21): error TS2307: Cannot find module '@/app/(home)/explore' or its corresponding type declarations.
collegebay/mobile/app/(home)/(tabs)/index.tsx(3,22): error TS2307: Cannot find module '@/app/(home)/requests' or its corresponding type declarations.
collegebay/mobile/app/(home)/(tabs)/messages.tsx(1,26): error TS2307: Cannot find module '@/api/queries' or its corresponding type declarations.
collegebay/mobile/app/(home)/(tabs)/messages.tsx(2,28): error TS2307: Cannot find module '@/api/types' or its corresponding type declarations.
collegebay/mobile/app/(home)/(tabs)/messages.tsx(3,29): error TS2307: Cannot find module '@/components/message-card' or its corresponding type declarations.
collegebay/mobile/app/(home)/(tabs)/messages.tsx(5,54): error TS2307: Cannot find module 'react-native' or its corresponding type declarations.
collegebay/mobile/app/(home)/(tabs)/notifications.tsx(1,28): error TS2307: Cannot find module '@/api/mutations' or its corresponding type declarations.
collegebay/mobile/app/(home)/(tabs)/notifications.tsx(2,38): error TS2307: Cannot find module '@/api/queries' or its corresponding type declarations.
collegebay/mobile/app/(home)/(tabs)/notifications.tsx(3,40): error TS2307: Cannot find module '@/api/types' or its corresponding type declarations.
collegebay/mobile/app/(home)/(tabs)/notifications.tsx(4,24): error TS2307: Cannot find module '@expo/vector-icons' or its corresponding type declarations.
collegebay/mobile/app/(home)/(tabs)/notifications.tsx(5,24): error TS2307: Cannot find module 'expo-router' or its corresponding type declarations.
collegebay/mobile/app/(home)/(tabs)/notifications.tsx(14,8): error TS2307: Cannot find module 'react-native' or its corresponding type declarations.
collegebay/mobile/app/(home)/_layout.tsx(1,21): error TS2307: Cannot find module '@/hooks/useAuth' or its corresponding type declarations.
collegebay/mobile/app/(home)/_layout.tsx(2,27): error TS2307: Cannot find module '@expo/vector-icons' or its corresponding type declarations.
collegebay/mobile/app/(home)/_layout.tsx(3,53): error TS2307: Cannot find module 'expo-router' or its corresponding type declarations.
collegebay/mobile/app/(home)/create-listing.tsx(9,8): error TS2307: Cannot find module 'react-native' or its corresponding type declarations.
collegebay/mobile/app/(home)/create-listing.tsx(11,28): error TS2307: Cannot find module 'react-native-picker-select' or its corresponding type declarations.
collegebay/mobile/app/(home)/create-listing.tsx(12,23): error TS2307: Cannot find module '@/constants/COLOR' or its corresponding type declarations.
collegebay/mobile/app/(home)/create-listing.tsx(13,24): error TS2307: Cannot find module '@expo/vector-icons' or its corresponding type declarations.
collegebay/mobile/app/(home)/create-listing.tsx(14,30): error TS2307: Cannot find module 'expo-image-picker' or its corresponding type declarations.
collegebay/mobile/app/(home)/create-listing.tsx(15,29): error TS2307: Cannot find module '@tanstack/react-query' or its corresponding type declarations.
collegebay/mobile/app/(home)/create-listing.tsx(16,28): error TS2307: Cannot find module '@/api/mutations' or its corresponding type declarations.
collegebay/mobile/app/(home)/create-listing.tsx(17,36): error TS2307: Cannot find module '@/utils/cloudinary' or its corresponding type declarations.
collegebay/mobile/app/(home)/create-request.tsx(1,23): error TS2307: Cannot find module '@/constants/COLOR' or its corresponding type declarations.
collegebay/mobile/app/(home)/create-request.tsx(9,8): error TS2307: Cannot find module 'react-native' or its corresponding type declarations.
collegebay/mobile/app/(home)/create-request.tsx(10,24): error TS2307: Cannot find module '@expo/vector-icons' or its corresponding type declarations.
collegebay/mobile/app/(home)/create-request.tsx(11,30): error TS2307: Cannot find module 'expo-image-picker' or its corresponding type declarations.
collegebay/mobile/app/(home)/create-request.tsx(13,36): error TS2307: Cannot find module '@/utils/cloudinary' or its corresponding type declarations.
collegebay/mobile/app/(home)/create-request.tsx(14,31): error TS2307: Cannot find module '@/api/mutations' or its corresponding type declarations.
collegebay/mobile/app/(home)/edit-post/[id].tsx(1,38): error TS2307: Cannot find module 'expo-router' or its corresponding type declarations.
collegebay/mobile/app/(home)/edit-post/[id].tsx(2,28): error TS2307: Cannot find module 'react-native' or its corresponding type declarations.
collegebay/mobile/app/(home)/edit-profile/[id].tsx(1,38): error TS2307: Cannot find module 'expo-router' or its corresponding type declarations.
collegebay/mobile/app/(home)/edit-profile/[id].tsx(2,28): error TS2307: Cannot find module 'react-native' or its corresponding type declarations.
collegebay/mobile/app/(home)/explore/[id].tsx(1,27): error TS2307: Cannot find module '@/api/mutations' or its corresponding type declarations.
collegebay/mobile/app/(home)/explore/[id].tsx(2,25): error TS2307: Cannot find module '@/api/queries' or its corresponding type declarations.
collegebay/mobile/app/(home)/explore/[id].tsx(3,23): error TS2307: Cannot find module '@/constants/COLOR' or its corresponding type declarations.
collegebay/mobile/app/(home)/explore/[id].tsx(4,26): error TS2307: Cannot find module '@/utils/secure-store' or its corresponding type declarations.
collegebay/mobile/app/(home)/explore/[id].tsx(5,26): error TS2307: Cannot find module '@tanstack/react-query' or its corresponding type declarations.
collegebay/mobile/app/(home)/explore/[id].tsx(6,49): error TS2307: Cannot find module 'expo-router' or its corresponding type declarations.
collegebay/mobile/app/(home)/explore/[id].tsx(18,8): error TS2307: Cannot find module 'react-native' or its corresponding type declarations.
collegebay/mobile/app/(home)/explore/[id].tsx(20,32): error TS2307: Cannot find module 'react-native-reanimated' or its corresponding type declarations.
collegebay/mobile/app/(home)/explore/[id].tsx(24,8): error TS2307: Cannot find module 'react-native-reanimated-carousel' or its corresponding type declarations.
collegebay/mobile/app/(home)/explore/index.tsx(1,26): error TS2307: Cannot find module '@/api/queries' or its corresponding type declarations.
collegebay/mobile/app/(home)/explore/index.tsx(2,28): error TS2307: Cannot find module '@/api/types' or its corresponding type declarations.
collegebay/mobile/app/(home)/explore/index.tsx(3,29): error TS2307: Cannot find module '@/components/listing-card' or its corresponding type declarations.
collegebay/mobile/app/(home)/explore/index.tsx(4,23): error TS2307: Cannot find module '@/constants/COLOR' or its corresponding type declarations.
collegebay/mobile/app/(home)/explore/index.tsx(5,22): error TS2307: Cannot find module 'expo-router' or its corresponding type declarations.
collegebay/mobile/app/(home)/explore/index.tsx(15,8): error TS2307: Cannot find module 'react-native' or its corresponding type declarations.
collegebay/mobile/app/(home)/explore/index.tsx(16,28): error TS2307: Cannot find module 'react-native-picker-select' or its corresponding type declarations.
collegebay/mobile/app/(home)/messages/[id].tsx(1,23): error TS2307: Cannot find module '@/constants/COLOR' or its corresponding type declarations.
collegebay/mobile/app/(home)/messages/[id].tsx(2,23): error TS2307: Cannot find module '@/hooks/useSocket' or its corresponding type declarations.
collegebay/mobile/app/(home)/messages/[id].tsx(3,26): error TS2307: Cannot find module '@/utils/secure-store' or its corresponding type declarations.
collegebay/mobile/app/(home)/messages/[id].tsx(4,25): error TS2307: Cannot find module '@expo/vector-icons' or its corresponding type declarations.
collegebay/mobile/app/(home)/messages/[id].tsx(6,46): error TS2307: Cannot find module 'expo-router' or its corresponding type declarations.
collegebay/mobile/app/(home)/messages/[id].tsx(16,8): error TS2307: Cannot find module 'react-native' or its corresponding type declarations.
collegebay/mobile/app/(home)/messages/[id].tsx(17,30): error TS2307: Cannot find module 'react-native-safe-area-context' or its corresponding type declarations.
collegebay/mobile/app/(home)/profile.tsx(8,8): error TS2307: Cannot find module 'react-native' or its corresponding type declarations.
collegebay/mobile/app/(home)/profile.tsx(9,39): error TS2307: Cannot find module '@expo/vector-icons' or its corresponding type declarations.
collegebay/mobile/app/(home)/profile.tsx(11,28): error TS2307: Cannot find module '@/api/queries' or its corresponding type declarations.
collegebay/mobile/app/(home)/profile.tsx(12,26): error TS2307: Cannot find module '@tanstack/react-query' or its corresponding type declarations.
collegebay/mobile/app/(home)/profile.tsx(13,23): error TS2307: Cannot find module '@/constants/COLOR' or its corresponding type declarations.
collegebay/mobile/app/(home)/profile.tsx(14,24): error TS2307: Cannot find module 'expo-router' or its corresponding type declarations.
collegebay/mobile/app/(home)/requests.tsx(1,29): error TS2307: Cannot find module '@/api/queries' or its corresponding type declarations.
collegebay/mobile/app/(home)/requests.tsx(2,29): error TS2307: Cannot find module '@/components/request-card' or its corresponding type declarations.
collegebay/mobile/app/(home)/requests.tsx(3,50): error TS2307: Cannot find module 'react-native' or its corresponding type declarations.
collegebay/mobile/app/(home)/requests.tsx(6,35): error TS2307: Cannot find module '@/api/types' or its corresponding type declarations.
collegebay/mobile/app/(home)/user-listings/[id].tsx(1,25): error TS2307: Cannot find module '@/api/queries' or its corresponding type declarations.
collegebay/mobile/app/(home)/user-listings/[id].tsx(2,23): error TS2307: Cannot find module '@/constants/COLOR' or its corresponding type declarations.
collegebay/mobile/app/(home)/user-listings/[id].tsx(3,26): error TS2307: Cannot find module '@/utils/secure-store' or its corresponding type declarations.
collegebay/mobile/app/(home)/user-listings/[id].tsx(4,26): error TS2307: Cannot find module '@tanstack/react-query' or its corresponding type declarations.
collegebay/mobile/app/(home)/user-listings/[id].tsx(5,38): error TS2307: Cannot find module 'expo-router' or its corresponding type declarations.
collegebay/mobile/app/(home)/user-listings/[id].tsx(16,8): error TS2307: Cannot find module 'react-native' or its corresponding type declarations.
collegebay/mobile/app/(home)/user-listings/[id].tsx(18,32): error TS2307: Cannot find module 'react-native-reanimated' or its corresponding type declarations.
collegebay/mobile/app/(home)/user-listings/[id].tsx(22,8): error TS2307: Cannot find module 'react-native-reanimated-carousel' or its corresponding type declarations.
collegebay/mobile/app/(home)/user-listings/index.tsx(1,28): error TS2307: Cannot find module '@/api/queries' or its corresponding type declarations.
collegebay/mobile/app/(home)/user-listings/index.tsx(2,29): error TS2307: Cannot find module '@/app/_layout' or its corresponding type declarations.
collegebay/mobile/app/(home)/user-listings/index.tsx(3,29): error TS2307: Cannot find module '@/components/listing-card' or its corresponding type declarations.
collegebay/mobile/app/(home)/user-listings/index.tsx(4,26): error TS2307: Cannot find module '@tanstack/react-query' or its corresponding type declarations.
collegebay/mobile/app/(home)/user-listings/index.tsx(5,22): error TS2307: Cannot find module 'expo-router' or its corresponding type declarations.
collegebay/mobile/app/(home)/user-listings/index.tsx(14,8): error TS2307: Cannot find module 'react-native' or its corresponding type declarations.
collegebay/mobile/app/(home)/user-purchased/index.tsx(1,28): error TS2307: Cannot find module '@/api/queries' or its corresponding type declarations.
collegebay/mobile/app/(home)/user-purchased/index.tsx(2,29): error TS2307: Cannot find module '@/app/_layout' or its corresponding type declarations.
collegebay/mobile/app/(home)/user-purchased/index.tsx(3,29): error TS2307: Cannot find module '@/components/listing-card' or its corresponding type declarations.
collegebay/mobile/app/(home)/user-purchased/index.tsx(4,26): error TS2307: Cannot find module '@tanstack/react-query' or its corresponding type declarations.
collegebay/mobile/app/(home)/user-purchased/index.tsx(5,22): error TS2307: Cannot find module 'expo-router' or its corresponding type declarations.
collegebay/mobile/app/(home)/user-purchased/index.tsx(14,8): error TS2307: Cannot find module 'react-native' or its corresponding type declarations.
collegebay/mobile/app/(home)/user-purchased/index.tsx(15,30): error TS2307: Cannot find module 'react-native-safe-area-context' or its corresponding type declarations.
collegebay/mobile/app/(home)/user-requests/index.tsx(1,28): error TS2307: Cannot find module '@/api/queries' or its corresponding type declarations.
collegebay/mobile/app/(home)/user-requests/index.tsx(2,29): error TS2307: Cannot find module '@/app/_layout' or its corresponding type declarations.
collegebay/mobile/app/(home)/user-requests/index.tsx(3,29): error TS2307: Cannot find module '@/components/request-card' or its corresponding type declarations.
collegebay/mobile/app/(home)/user-requests/index.tsx(4,39): error TS2307: Cannot find module '@tanstack/react-query' or its corresponding type declarations.
collegebay/mobile/app/(home)/user-requests/index.tsx(12,8): error TS2307: Cannot find module 'react-native' or its corresponding type declarations.
collegebay/mobile/app/_layout.tsx(1,30): error TS2307: Cannot find module '@/context/AuthContext' or its corresponding type declarations.
collegebay/mobile/app/_layout.tsx(3,29): error TS2307: Cannot find module 'expo-router' or its corresponding type declarations.
collegebay/mobile/app/_layout.tsx(4,27): error TS2307: Cannot find module 'expo-status-bar' or its corresponding type declarations.
collegebay/mobile/app/_layout.tsx(5,26): error TS2307: Cannot find module 'expo-font' or its corresponding type declarations.
collegebay/mobile/app/_layout.tsx(6,31): error TS2307: Cannot find module 'expo-splash-screen' or its corresponding type declarations.
collegebay/mobile/app/_layout.tsx(8,23): error TS2307: Cannot find module '@/constants/COLOR' or its corresponding type declarations.
collegebay/mobile/app/_layout.tsx(9,25): error TS2307: Cannot find module '@expo/vector-icons' or its corresponding type declarations.
collegebay/mobile/app/_layout.tsx(10,50): error TS2307: Cannot find module '@tanstack/react-query' or its corresponding type declarations.
collegebay/mobile/app/_layout.tsx(11,32): error TS2307: Cannot find module '@/context/SocketContext' or its corresponding type declarations.
collegebay/mobile/app/index.tsx(1,58): error TS2307: Cannot find module 'react-native' or its corresponding type declarations.
collegebay/mobile/app/index.tsx(2,21): error TS2307: Cannot find module '@/hooks/useAuth' or its corresponding type declarations.
collegebay/mobile/app/index.tsx(3,34): error TS2307: Cannot find module 'expo-router' or its corresponding type declarations.
collegebay/mobile/app/index.tsx(4,23): error TS2307: Cannot find module '@/constants/COLOR' or its corresponding type declarations.
collegebay/mobile/app/index.tsx(5,30): error TS2307: Cannot find module 'react-native-safe-area-context' or its corresponding type declarations.
collegebay/mobile/app/login.tsx(1,23): error TS2307: Cannot find module '@/api/mutations' or its corresponding type declarations.
collegebay/mobile/app/login.tsx(2,23): error TS2307: Cannot find module '@/constants/COLOR' or its corresponding type declarations.
collegebay/mobile/app/login.tsx(3,21): error TS2307: Cannot find module '@/hooks/useAuth' or its corresponding type declarations.
collegebay/mobile/app/login.tsx(4,25): error TS2307: Cannot find module '@expo/vector-icons' or its corresponding type declarations.
collegebay/mobile/app/login.tsx(5,34): error TS2307: Cannot find module 'expo-router' or its corresponding type declarations.
collegebay/mobile/app/login.tsx(15,8): error TS2307: Cannot find module 'react-native' or its corresponding type declarations.
collegebay/mobile/app/login.tsx(16,30): error TS2307: Cannot find module 'react-native-safe-area-context' or its corresponding type declarations.
collegebay/mobile/app/signup.tsx(1,23): error TS2307: Cannot find module '@/constants/COLOR' or its corresponding type declarations.
collegebay/mobile/app/signup.tsx(2,21): error TS2307: Cannot find module '@/hooks/useAuth' or its corresponding type declarations.
collegebay/mobile/app/signup.tsx(3,26): error TS2307: Cannot find module 'expo-router' or its corresponding type declarations.
collegebay/mobile/app/signup.tsx(13,8): error TS2307: Cannot find module 'react-native' or its corresponding type declarations.
collegebay/mobile/app/signup.tsx(14,28): error TS2307: Cannot find module 'react-native-picker-select' or its corresponding type declarations.
collegebay/mobile/app/signup.tsx(15,30): error TS2307: Cannot find module 'react-native-safe-area-context' or its corresponding type declarations.
collegebay/mobile/components/listing-card.tsx(1,22): error TS2307: Cannot find module 'expo-router' or its corresponding type declarations.
collegebay/mobile/components/listing-card.tsx(2,28): error TS2307: Cannot find module '@/api/types' or its corresponding type declarations.
collegebay/mobile/components/listing-card.tsx(3,35): error TS2307: Cannot find module 'react-native' or its corresponding type declarations.
collegebay/mobile/components/listing-card.tsx(5,23): error TS2307: Cannot find module '@/constants/COLOR' or its corresponding type declarations.
collegebay/mobile/components/message-card.tsx(1,28): error TS2307: Cannot find module '@/api/types' or its corresponding type declarations.
collegebay/mobile/components/message-card.tsx(2,26): error TS2307: Cannot find module '@/utils/secure-store' or its corresponding type declarations.
collegebay/mobile/components/message-card.tsx(3,27): error TS2307: Cannot find module 'expo-router' or its corresponding type declarations.
collegebay/mobile/components/message-card.tsx(4,46): error TS2307: Cannot find module 'react-native' or its corresponding type declarations.
collegebay/mobile/components/notification-card.tsx(1,25): error TS2307: Cannot find module '@expo/vector-icons' or its corresponding type declarations.
collegebay/mobile/components/notification-card.tsx(2,35): error TS2307: Cannot find module 'react-native' or its corresponding type declarations.
collegebay/mobile/components/request-card.tsx(1,46): error TS2307: Cannot find module '@/api/mutations' or its corresponding type declarations.
collegebay/mobile/components/request-card.tsx(2,35): error TS2307: Cannot find module '@/api/types' or its corresponding type declarations.
collegebay/mobile/components/request-card.tsx(3,29): error TS2307: Cannot find module '@/app/_layout' or its corresponding type declarations.
collegebay/mobile/components/request-card.tsx(4,23): error TS2307: Cannot find module '@/constants/COLOR' or its corresponding type declarations.
collegebay/mobile/components/request-card.tsx(5,38): error TS2307: Cannot find module '@expo/vector-icons' or its corresponding type declarations.
collegebay/mobile/components/request-card.tsx(6,29): error TS2307: Cannot find module '@tanstack/react-query' or its corresponding type declarations.
collegebay/mobile/components/request-card.tsx(8,24): error TS2307: Cannot find module 'expo-router' or its corresponding type declarations.
collegebay/mobile/components/request-card.tsx(9,65): error TS2307: Cannot find module 'react-native' or its corresponding type declarations.
collegebay/mobile/context/AuthContext.tsx(1,31): error TS2307: Cannot find module '@/api/mutations' or its corresponding type declarations.
collegebay/mobile/context/AuthContext.tsx(2,39): error TS2307: Cannot find module '@/utils/secure-store' or its corresponding type declarations.
collegebay/mobile/context/AuthContext.tsx(4,35): error TS2307: Cannot find module 'react-native' or its corresponding type declarations.
collegebay/mobile/context/AuthContext.tsx(5,30): error TS2307: Cannot find module 'react-native-safe-area-context' or its corresponding type declarations.
collegebay/mobile/context/SocketContext.tsx(1,26): error TS2307: Cannot find module '@/api/queries' or its corresponding type declarations.
collegebay/mobile/context/SocketContext.tsx(2,38): error TS2307: Cannot find module '@/api/types' or its corresponding type declarations.
collegebay/mobile/context/SocketContext.tsx(3,26): error TS2307: Cannot find module '@/utils/secure-store' or its corresponding type declarations.
collegebay/mobile/hooks/useAuth.ts(1,25): error TS2307: Cannot find module '@/context/AuthContext' or its corresponding type declarations.
collegebay/mobile/hooks/useSocket.ts(1,27): error TS2307: Cannot find module '@/context/SocketContext' or its corresponding type declarations.
collegebay/mobile/utils/cloudinary.ts(1,24): error TS2307: Cannot find module 'cloudinary-react-native' or its corresponding type declarations.
collegebay/mobile/utils/cloudinary.ts(2,28): error TS2307: Cannot find module '@cloudinary/url-gen' or its corresponding type declarations.
collegebay/mobile/utils/secure-store.ts(1,30): error TS2307: Cannot find module 'expo-secure-store' or its corresponding type declarations.
collegebay/server/src/controllers/admin.controller.ts(1,20): error TS2307: Cannot find module 'dotenv' or its corresponding type declarations.
collegebay/server/src/controllers/admin.controller.ts(5,40): error TS2307: Cannot find module 'express' or its corresponding type declarations.
collegebay/server/src/controllers/admin.controller.ts(6,20): error TS2307: Cannot find module 'bcrypt' or its corresponding type declarations.
collegebay/server/src/controllers/admin.controller.ts(7,17): error TS2307: Cannot find module 'jsonwebtoken' or its corresponding type declarations.
collegebay/server/src/controllers/auth.controller.ts(1,20): error TS2307: Cannot find module 'dotenv' or its corresponding type declarations.
collegebay/server/src/controllers/auth.controller.ts(5,40): error TS2307: Cannot find module 'express' or its corresponding type declarations.
collegebay/server/src/controllers/auth.controller.ts(6,20): error TS2307: Cannot find module 'bcrypt' or its corresponding type declarations.
collegebay/server/src/controllers/auth.controller.ts(7,17): error TS2307: Cannot find module 'jsonwebtoken' or its corresponding type declarations.
collegebay/server/src/controllers/chat.controller.ts(1,40): error TS2307: Cannot find module 'express' or its corresponding type declarations.
collegebay/server/src/controllers/message.controller.ts(1,30): error TS2307: Cannot find module '@prisma/client' or its corresponding type declarations.
collegebay/server/src/controllers/message.controller.ts(2,40): error TS2307: Cannot find module 'express' or its corresponding type declarations.
collegebay/server/src/controllers/post.controller.ts(1,29): error TS2307: Cannot find module '@prisma/client' or its corresponding type declarations.
collegebay/server/src/controllers/post.controller.ts(2,20): error TS2307: Cannot find module 'dotenv' or its corresponding type declarations.
collegebay/server/src/controllers/post.controller.ts(5,40): error TS2307: Cannot find module 'express' or its corresponding type declarations.
collegebay/server/src/controllers/request.controller.ts(1,20): error TS2307: Cannot find module 'dotenv' or its corresponding type declarations.
collegebay/server/src/controllers/request.controller.ts(4,40): error TS2307: Cannot find module 'express' or its corresponding type declarations.
collegebay/server/src/controllers/user.controller.ts(1,20): error TS2307: Cannot find module 'dotenv' or its corresponding type declarations.
collegebay/server/src/controllers/user.controller.ts(4,40): error TS2307: Cannot find module 'express' or its corresponding type declarations.
collegebay/server/src/controllers/user.controller.ts(6,20): error TS2307: Cannot find module 'bcrypt' or its corresponding type declarations.
collegebay/server/src/index.ts(10,8): error TS2307: Cannot find module 'express' or its corresponding type declarations.
collegebay/server/src/index.ts(11,18): error TS2307: Cannot find module 'cors' or its corresponding type declarations.
collegebay/server/src/index.ts(12,26): error TS2307: Cannot find module 'cookie-parser' or its corresponding type declarations.
collegebay/server/src/index.ts(13,20): error TS2307: Cannot find module 'colors' or its corresponding type declarations.
collegebay/server/src/middlewares/admin.middleware.ts(1,20): error TS2307: Cannot find module 'dotenv' or its corresponding type declarations.
collegebay/server/src/middlewares/admin.middleware.ts(5,54): error TS2307: Cannot find module 'express' or its corresponding type declarations.
collegebay/server/src/middlewares/admin.middleware.ts(6,38): error TS2307: Cannot find module 'jsonwebtoken' or its corresponding type declarations.
collegebay/server/src/middlewares/auth.middleware.ts(1,20): error TS2307: Cannot find module 'dotenv' or its corresponding type declarations.
collegebay/server/src/middlewares/auth.middleware.ts(5,54): error TS2307: Cannot find module 'express' or its corresponding type declarations.
collegebay/server/src/middlewares/auth.middleware.ts(6,38): error TS2307: Cannot find module 'jsonwebtoken' or its corresponding type declarations.
collegebay/server/src/routers/admin.router.ts(1,21): error TS2307: Cannot find module 'express' or its corresponding type declarations.
collegebay/server/src/routers/auth.router.ts(1,21): error TS2307: Cannot find module 'express' or its corresponding type declarations.
collegebay/server/src/routers/chat.router.ts(1,21): error TS2307: Cannot find module 'express' or its corresponding type declarations.
collegebay/server/src/routers/message.router.ts(1,21): error TS2307: Cannot find module 'express' or its corresponding type declarations.
collegebay/server/src/routers/post.router.ts(1,21): error TS2307: Cannot find module 'express' or its corresponding type declarations.
collegebay/server/src/routers/request.router.ts(1,21): error TS2307: Cannot find module 'express' or its corresponding type declarations.
collegebay/server/src/routers/user.router.ts(1,21): error TS2307: Cannot find module 'express' or its corresponding type declarations.
collegebay/server/src/sockets/userManager.ts(4,19): error TS2307: Cannot find module 'ioredis' or its corresponding type declarations.
collegebay/server/src/utils/auth.ts(2,17): error TS2307: Cannot find module 'jsonwebtoken' or its corresponding type declarations.
collegebay/server/src/utils/db.ts(1,30): error TS2307: Cannot find module '@prisma/client' or its corresponding type declarations.
collegebay/web/actions/admin.ts(2,26): error TS2307: Cannot find module '@/lib/supabase' or its corresponding type declarations.
collegebay/web/actions/chat.ts(2,26): error TS2307: Cannot find module '@/lib/supabase' or its corresponding type declarations.
collegebay/web/actions/message.ts(2,26): error TS2307: Cannot find module '@/lib/supabase' or its corresponding type declarations.
collegebay/web/actions/post.ts(2,39): error TS2307: Cannot find module '@/types/zodSchema' or its corresponding type declarations.
collegebay/web/actions/post.ts(3,26): error TS2307: Cannot find module '@/lib/supabase' or its corresponding type declarations.
collegebay/web/actions/request.ts(2,26): error TS2307: Cannot find module '@/lib/supabase' or its corresponding type declarations.
collegebay/web/actions/request.ts(4,42): error TS2307: Cannot find module '@/types/zodSchema' or its corresponding type declarations.
collegebay/web/actions/user.ts(2,26): error TS2307: Cannot find module '@/lib/supabase' or its corresponding type declarations.
collegebay/web/components/admin-action-btn.tsx(8,8): error TS2307: Cannot find module '@/actions/admin' or its corresponding type declarations.
collegebay/web/components/admin-action-btn.tsx(9,24): error TS2307: Cannot find module '@/components/ui/button' or its corresponding type declarations.
collegebay/web/components/admin-action-btn.tsx(10,26): error TS2307: Cannot find module '@/components/ui/textarea' or its corresponding type declarations.
collegebay/web/components/admin-dashboard-table.tsx(8,8): error TS2307: Cannot find module '@/components/ui/table' or its corresponding type declarations.
collegebay/web/components/admin-dashboard-table.tsx(9,24): error TS2307: Cannot find module '@/components/ui/button' or its corresponding type declarations.
collegebay/web/components/admin-dashboard-table.tsx(11,42): error TS2307: Cannot find module '@/actions/types' or its corresponding type declarations.
collegebay/web/components/chat-messages.tsx(3,31): error TS2307: Cannot find module '@/actions/types' or its corresponding type declarations.
collegebay/web/components/confirm-btn.tsx(5,24): error TS2307: Cannot find module '@/components/ui/button' or its corresponding type declarations.
collegebay/web/components/confirm-btn.tsx(7,38): error TS2307: Cannot find module '@/actions/post' or its corresponding type declarations.
collegebay/web/components/create-post-form.tsx(8,23): error TS2307: Cannot find module '@/components/ui/input' or its corresponding type declarations.
collegebay/web/components/create-post-form.tsx(9,26): error TS2307: Cannot find module '@/components/ui/textarea' or its corresponding type declarations.
collegebay/web/components/create-post-form.tsx(10,24): error TS2307: Cannot find module '@/components/ui/button' or its corresponding type declarations.
collegebay/web/components/create-post-form.tsx(12,20): error TS2307: Cannot find module '@/components/lib/utils' or its corresponding type declarations.
collegebay/web/components/create-post-form.tsx(13,34): error TS2307: Cannot find module '@/types/zodSchema' or its corresponding type declarations.
collegebay/web/components/create-post-form.tsx(14,28): error TS2307: Cannot find module '@/actions/post' or its corresponding type declarations.
collegebay/web/components/create-request-form.tsx(9,23): error TS2307: Cannot find module '@/components/ui/label' or its corresponding type declarations.
collegebay/web/components/create-request-form.tsx(10,23): error TS2307: Cannot find module '@/components/ui/input' or its corresponding type declarations.
collegebay/web/components/create-request-form.tsx(11,26): error TS2307: Cannot find module '@/components/ui/textarea' or its corresponding type declarations.
collegebay/web/components/create-request-form.tsx(12,24): error TS2307: Cannot find module '@/components/ui/button' or its corresponding type declarations.
collegebay/web/components/create-request-form.tsx(14,20): error TS2307: Cannot find module '@/components/lib/utils' or its corresponding type declarations.
collegebay/web/components/create-request-form.tsx(15,31): error TS2307: Cannot find module '@/actions/request' or its corresponding type declarations.
collegebay/web/components/create-request-form.tsx(16,37): error TS2307: Cannot find module '@/types/zodSchema' or its corresponding type declarations.
collegebay/web/components/feedback-form.tsx(8,30): error TS2307: Cannot find module '@/actions/post' or its corresponding type declarations.
collegebay/web/components/filters.tsx(4,23): error TS2307: Cannot find module '@/components/ui/input' or its corresponding type declarations.
collegebay/web/components/filters.tsx(5,24): error TS2307: Cannot find module '@/components/ui/button' or its corresponding type declarations.
collegebay/web/components/filters.tsx(13,8): error TS2307: Cannot find module '@/components/ui/select' or its corresponding type declarations.
collegebay/web/components/image-carousel.tsx(7,8): error TS2307: Cannot find module '@/components/ui/carousel' or its corresponding type declarations.
collegebay/web/components/login-form.tsx(8,24): error TS2307: Cannot find module '@/components/ui/button' or its corresponding type declarations.
collegebay/web/components/login-form.tsx(9,23): error TS2307: Cannot find module '@/components/ui/label' or its corresponding type declarations.
collegebay/web/components/login-form.tsx(10,23): error TS2307: Cannot find module '@/components/ui/input' or its corresponding type declarations.
collegebay/web/components/login-form.tsx(12,29): error TS2307: Cannot find module '@/types/zodSchema' or its corresponding type declarations.
collegebay/web/components/login-form.tsx(14,26): error TS2307: Cannot find module '@/lib/supabase' or its corresponding type declarations.
collegebay/web/components/logout-btn.tsx(5,24): error TS2307: Cannot find module '@/components/ui/button' or its corresponding type declarations.
collegebay/web/components/logout-btn.tsx(8,26): error TS2307: Cannot find module '@/lib/supabase' or its corresponding type declarations.
collegebay/web/components/mark-as-read-btn.tsx(4,28): error TS2307: Cannot find module '@/actions/user' or its corresponding type declarations.
collegebay/web/components/mark-as-read-btn.tsx(5,24): error TS2307: Cannot find module '@/components/ui/button' or its corresponding type declarations.
collegebay/web/components/mark-post-sold-form.tsx(6,24): error TS2307: Cannot find module '@/components/ui/button' or its corresponding type declarations.
collegebay/web/components/mark-post-sold-form.tsx(13,8): error TS2307: Cannot find module '@/components/ui/select' or its corresponding type declarations.
collegebay/web/components/mark-post-sold-form.tsx(15,26): error TS2307: Cannot find module '@/actions/post' or its corresponding type declarations.
collegebay/web/components/mark-post-sold-form.tsx(16,28): error TS2307: Cannot find module '@/actions/types' or its corresponding type declarations.
collegebay/web/components/message-box.tsx(4,26): error TS2307: Cannot find module '@/lib/supabase' or its corresponding type declarations.
collegebay/web/components/message-box.tsx(6,38): error TS2307: Cannot find module '@/actions/types' or its corresponding type declarations.
collegebay/web/components/message-input.tsx(5,24): error TS2307: Cannot find module '@/components/ui/button' or its corresponding type declarations.
collegebay/web/components/message-input.tsx(6,26): error TS2307: Cannot find module '@/components/ui/textarea' or its corresponding type declarations.
collegebay/web/components/message-input.tsx(8,21): error TS2307: Cannot find module '@/components/spinner' or its corresponding type declarations.
collegebay/web/components/message-input.tsx(9,29): error TS2307: Cannot find module '@/actions/message' or its corresponding type declarations.
collegebay/web/components/message-seller-btn.tsx(5,24): error TS2307: Cannot find module '@/components/ui/button' or its corresponding type declarations.
collegebay/web/components/message-seller-btn.tsx(8,27): error TS2307: Cannot find module '@/actions/chat' or its corresponding type declarations.
collegebay/web/components/navbar.tsx(3,26): error TS2307: Cannot find module '@/lib/supabase' or its corresponding type declarations.
collegebay/web/components/post-card.tsx(9,8): error TS2307: Cannot find module '@/components/ui/card' or its corresponding type declarations.
collegebay/web/components/post-card.tsx(12,20): error TS2307: Cannot find module '@/components/lib/utils' or its corresponding type declarations.
collegebay/web/components/post-card.tsx(13,28): error TS2307: Cannot find module '@/actions/types' or its corresponding type declarations.
collegebay/web/components/purchased-card.tsx(6,8): error TS2307: Cannot find module '@/components/ui/card' or its corresponding type declarations.
collegebay/web/components/purchased-card.tsx(14,8): error TS2307: Cannot find module '@/components/ui/dialog' or its corresponding type declarations.
collegebay/web/components/purchased-card.tsx(16,28): error TS2307: Cannot find module '@/actions/types' or its corresponding type declarations.
collegebay/web/components/request-card.tsx(8,24): error TS2307: Cannot find module '@/components/ui/button' or its corresponding type declarations.
collegebay/web/components/request-card.tsx(9,50): error TS2307: Cannot find module '@/components/ui/card' or its corresponding type declarations.
collegebay/web/components/request-card.tsx(11,35): error TS2307: Cannot find module '@/actions/types' or its corresponding type declarations.
collegebay/web/components/request-card.tsx(12,31): error TS2307: Cannot find module '@/actions/request' or its corresponding type declarations.
collegebay/web/components/request-card.tsx(21,8): error TS2307: Cannot find module '@/components/ui/dialog' or its corresponding type declarations.
collegebay/web/components/signup-form.tsx(9,23): error TS2307: Cannot find module '@/components/ui/label' or its corresponding type declarations.
collegebay/web/components/signup-form.tsx(10,23): error TS2307: Cannot find module '@/components/ui/input' or its corresponding type declarations.
collegebay/web/components/signup-form.tsx(11,24): error TS2307: Cannot find module '@/components/ui/button' or its corresponding type declarations.
collegebay/web/components/signup-form.tsx(13,20): error TS2307: Cannot find module '@/components/lib/utils' or its corresponding type declarations.
collegebay/web/components/signup-form.tsx(14,30): error TS2307: Cannot find module '@/types/zodSchema' or its corresponding type declarations.
collegebay/web/components/signup-form.tsx(16,26): error TS2307: Cannot find module '@/lib/supabase' or its corresponding type declarations.
collegebay/web/components/skeleton-card.tsx(1,26): error TS2307: Cannot find module '@/components/ui/skeleton' or its corresponding type declarations.
collegebay/web/components/supabase-image-upload.tsx(2,24): error TS2307: Cannot find module '@/components/ui/button' or its corresponding type declarations.
collegebay/web/components/supabase-image-upload.tsx(3,23): error TS2307: Cannot find module '@/components/ui/input' or its corresponding type declarations.
collegebay/web/components/supabase-image-upload.tsx(4,26): error TS2307: Cannot find module '@/lib/supabase' or its corresponding type declarations.
collegebay/web/components/ui/accordion.tsx(7,20): error TS2307: Cannot find module '@/components/lib/utils' or its corresponding type declarations.
collegebay/web/components/ui/avatar.tsx(6,20): error TS2307: Cannot find module '@/components/lib/utils' or its corresponding type declarations.
collegebay/web/components/ui/button.tsx(5,20): error TS2307: Cannot find module '@/components/lib/utils' or its corresponding type declarations.
collegebay/web/components/ui/card.tsx(3,20): error TS2307: Cannot find module '@/components/lib/utils' or its corresponding type declarations.
collegebay/web/components/ui/carousel.tsx(9,20): error TS2307: Cannot find module '@/components/lib/utils' or its corresponding type declarations.
collegebay/web/components/ui/carousel.tsx(10,24): error TS2307: Cannot find module '@/components/ui/button' or its corresponding type declarations.
collegebay/web/components/ui/dialog.tsx(7,20): error TS2307: Cannot find module '@/components/lib/utils' or its corresponding type declarations.
collegebay/web/components/ui/dropdown-menu.tsx(7,20): error TS2307: Cannot find module '@/components/lib/utils' or its corresponding type declarations.
collegebay/web/components/ui/form.tsx(15,20): error TS2307: Cannot find module '@/components/lib/utils' or its corresponding type declarations.
collegebay/web/components/ui/form.tsx(16,23): error TS2307: Cannot find module '@/components/ui/label' or its corresponding type declarations.
collegebay/web/components/ui/input-otp.tsx(7,20): error TS2307: Cannot find module '@/components/lib/utils' or its corresponding type declarations.
collegebay/web/components/ui/input.tsx(3,20): error TS2307: Cannot find module '@/components/lib/utils' or its corresponding type declarations.
collegebay/web/components/ui/label.tsx(7,20): error TS2307: Cannot find module '@/components/lib/utils' or its corresponding type declarations.
collegebay/web/components/ui/pagination.tsx(4,20): error TS2307: Cannot find module '@/components/lib/utils' or its corresponding type declarations.
collegebay/web/components/ui/pagination.tsx(5,45): error TS2307: Cannot find module '@/components/ui/button' or its corresponding type declarations.
collegebay/web/components/ui/select.tsx(7,20): error TS2307: Cannot find module '@/components/lib/utils' or its corresponding type declarations.
collegebay/web/components/ui/sheet.tsx(8,20): error TS2307: Cannot find module '@/components/lib/utils' or its corresponding type declarations.
collegebay/web/components/ui/skeleton.tsx(1,20): error TS2307: Cannot find module '@/components/lib/utils' or its corresponding type declarations.
collegebay/web/components/ui/sonner.tsx(3,26): error TS2307: Cannot find module 'next-themes' or its corresponding type declarations.
collegebay/web/components/ui/table.tsx(3,20): error TS2307: Cannot find module '@/components/lib/utils' or its corresponding type declarations.
collegebay/web/components/ui/tabs.tsx(6,20): error TS2307: Cannot find module '@/components/lib/utils' or its corresponding type declarations.
collegebay/web/components/ui/textarea.tsx(3,20): error TS2307: Cannot find module '@/components/lib/utils' or its corresponding type declarations.
collegebay/web/components/update-profile-form.tsx(11,23): error TS2307: Cannot find module '@/components/ui/label' or its corresponding type declarations.
collegebay/web/components/update-profile-form.tsx(12,23): error TS2307: Cannot find module '@/components/ui/input' or its corresponding type declarations.
collegebay/web/components/update-profile-form.tsx(13,24): error TS2307: Cannot find module '@/components/ui/button' or its corresponding type declarations.
collegebay/web/components/update-profile-form.tsx(15,20): error TS2307: Cannot find module '@/components/lib/utils' or its corresponding type declarations.
collegebay/web/components/update-profile-form.tsx(16,34): error TS2307: Cannot find module '@/types/index' or its corresponding type declarations.
collegebay/web/components/update-profile-form.tsx(17,37): error TS2307: Cannot find module '@/types/zodSchema' or its corresponding type declarations.
collegebay/web/components/update-profile-form.tsx(18,31): error TS2307: Cannot find module '@/actions/user' or its corresponding type declarations.
collegebay/web/components/user-request-actions-btn.tsx(7,24): error TS2307: Cannot find module '@/components/ui/button' or its corresponding type declarations.
collegebay/web/components/user-request-actions-btn.tsx(8,20): error TS2307: Cannot find module '@/components/lib/utils' or its corresponding type declarations.
collegebay/web/components/user-request-actions-btn.tsx(10,31): error TS2307: Cannot find module '@/actions/request' or its corresponding type declarations.
collegebay/web/main.tsx(3,17): error TS2307: Cannot find module './App' or its corresponding type declarations.
collegebay/web/src/layouts/DashboardLayout.tsx(4,24): error TS2307: Cannot find module '@/components/logout-btn' or its corresponding type declarations.
collegebay/web/src/layouts/DashboardLayout.tsx(5,30): error TS2307: Cannot find module '@/components/navbar' or its corresponding type declarations.
collegebay/web/src/layouts/DashboardLayout.tsx(15,40): error TS2307: Cannot find module '@/actions/user' or its corresponding type declarations.
collegebay/web/src/layouts/DashboardLayout.tsx(17,40): error TS2307: Cannot find module '@/actions/types' or its corresponding type declarations.
collegebay/web/src/pages/Chat.tsx(3,25): error TS2307: Cannot find module '@/actions/chat' or its corresponding type declarations.
collegebay/web/src/pages/Chat.tsx(4,28): error TS2307: Cannot find module '@/actions/types' or its corresponding type declarations.
collegebay/web/src/pages/Chat.tsx(5,28): error TS2307: Cannot find module '@/components/message-box' or its corresponding type declarations.
collegebay/web/src/pages/Chat.tsx(7,26): error TS2307: Cannot find module '@/lib/supabase' or its corresponding type declarations.
collegebay/web/src/pages/CreatePost.tsx(1,32): error TS2307: Cannot find module '@/components/create-post-form' or its corresponding type declarations.
collegebay/web/src/pages/CreateRequest.tsx(1,35): error TS2307: Cannot find module '@/components/create-request-form' or its corresponding type declarations.
collegebay/web/src/pages/Home.tsx(11,8): error TS2307: Cannot find module '@/components/ui/pagination' or its corresponding type declarations.
collegebay/web/src/pages/Home.tsx(13,25): error TS2307: Cannot find module '@/components/filters' or its corresponding type declarations.
collegebay/web/src/pages/Home.tsx(14,48): error TS2307: Cannot find module '@/actions/post' or its corresponding type declarations.
collegebay/web/src/pages/Home.tsx(15,28): error TS2307: Cannot find module '@/actions/types' or its corresponding type declarations.
collegebay/web/src/pages/Home.tsx(16,26): error TS2307: Cannot find module '@/components/post-card' or its corresponding type declarations.
collegebay/web/src/pages/Landing.tsx(3,26): error TS2307: Cannot find module '@/lib/supabase' or its corresponding type declarations.
collegebay/web/src/pages/Landing.tsx(4,24): error TS2307: Cannot find module '@/components/ui/button' or its corresponding type declarations.
collegebay/web/src/pages/Landing.tsx(10,8): error TS2307: Cannot find module '@/components/ui/card' or its corresponding type declarations.
collegebay/web/src/pages/Landing.tsx(16,8): error TS2307: Cannot find module '@/components/ui/accordion' or its corresponding type declarations.
collegebay/web/src/pages/Landing.tsx(28,24): error TS2307: Cannot find module '@/components/navbar' or its corresponding type declarations.
collegebay/web/src/pages/Landing.tsx(29,24): error TS2307: Cannot find module '@/components/footer' or its corresponding type declarations.
collegebay/web/src/pages/Login.tsx(1,27): error TS2307: Cannot find module '@/components/login-form' or its corresponding type declarations.
collegebay/web/src/pages/Login.tsx(2,22): error TS2307: Cannot find module '@/components/navbar' or its corresponding type declarations.
collegebay/web/src/pages/Messages.tsx(3,26): error TS2307: Cannot find module '@/lib/supabase' or its corresponding type declarations.
collegebay/web/src/pages/Messages.tsx(5,29): error TS2307: Cannot find module '@/actions/chat' or its corresponding type declarations.
collegebay/web/src/pages/Messages.tsx(6,28): error TS2307: Cannot find module '@/actions/types' or its corresponding type declarations.
collegebay/web/src/pages/Notifications.tsx(4,20): error TS2307: Cannot find module '@/components/lib/utils' or its corresponding type declarations.
collegebay/web/src/pages/Notifications.tsx(6,40): error TS2307: Cannot find module '@/actions/user' or its corresponding type declarations.
collegebay/web/src/pages/Notifications.tsx(7,40): error TS2307: Cannot find module '@/actions/types' or its corresponding type declarations.
collegebay/web/src/pages/Notifications.tsx(8,31): error TS2307: Cannot find module '@/components/mark-as-read-btn' or its corresponding type declarations.
collegebay/web/src/pages/Profile.tsx(4,24): error TS2307: Cannot find module '@/components/ui/button' or its corresponding type declarations.
collegebay/web/src/pages/Profile.tsx(5,58): error TS2307: Cannot find module '@/components/ui/tabs' or its corresponding type declarations.
collegebay/web/src/pages/Profile.tsx(7,34): error TS2307: Cannot find module '@/actions/user' or its corresponding type declarations.
collegebay/web/src/pages/Profile.tsx(8,35): error TS2307: Cannot find module '@/actions/types' or its corresponding type declarations.
collegebay/web/src/pages/Profile.tsx(10,26): error TS2307: Cannot find module '@/components/post-card' or its corresponding type declarations.
collegebay/web/src/pages/Profile.tsx(11,29): error TS2307: Cannot find module '@/components/request-card' or its corresponding type declarations.
collegebay/web/src/pages/Profile.tsx(13,31): error TS2307: Cannot find module '@/components/purchased-card' or its corresponding type declarations.
collegebay/web/src/pages/Requests.tsx(10,8): error TS2307: Cannot find module '@/components/ui/pagination' or its corresponding type declarations.
collegebay/web/src/pages/Requests.tsx(12,31): error TS2307: Cannot find module '@/actions/request' or its corresponding type declarations.
collegebay/web/src/pages/Requests.tsx(13,35): error TS2307: Cannot find module '@/actions/types' or its corresponding type declarations.
collegebay/web/src/pages/Requests.tsx(14,29): error TS2307: Cannot find module '@/components/request-card' or its corresponding type declarations.
collegebay/web/src/pages/ResourceDetails.tsx(3,26): error TS2307: Cannot find module '@/lib/supabase' or its corresponding type declarations.
collegebay/web/src/pages/ResourceDetails.tsx(5,31): error TS2307: Cannot find module '@/components/image-carousel' or its corresponding type declarations.
collegebay/web/src/pages/ResourceDetails.tsx(8,27): error TS2307: Cannot find module '@/actions/post' or its corresponding type declarations.
collegebay/web/src/pages/ResourceDetails.tsx(9,28): error TS2307: Cannot find module '@/actions/types' or its corresponding type declarations.
collegebay/web/src/pages/ResourceDetails.tsx(11,34): error TS2307: Cannot find module '@/components/message-seller-btn' or its corresponding type declarations.
collegebay/web/src/pages/Signup.tsx(1,28): error TS2307: Cannot find module '@/components/signup-form' or its corresponding type declarations.
collegebay/web/src/pages/Signup.tsx(2,22): error TS2307: Cannot find module '@/components/navbar' or its corresponding type declarations.
collegebay/web/src/pages/UpdateProfile.tsx(4,34): error TS2307: Cannot find module '@/actions/user' or its corresponding type declarations.
collegebay/web/src/pages/UpdateProfile.tsx(5,35): error TS2307: Cannot find module '@/components/update-profile-form' or its corresponding type declarations.
collegebay/web/src/pages/UpdateProfile.tsx(6,15): error TS2305: Module '"@/types"' has no exported member 'UserProfile'.
collegebay/web/src/pages/UserPostDetails.tsx(2,24): error TS2307: Cannot find module '@/components/ui/button' or its corresponding type declarations.
collegebay/web/src/pages/UserPostDetails.tsx(3,31): error TS2307: Cannot find module '@/components/image-carousel' or its corresponding type declarations.
collegebay/web/src/pages/UserPostDetails.tsx(11,8): error TS2307: Cannot find module '@/components/ui/dialog' or its corresponding type declarations.
collegebay/web/src/pages/UserPostDetails.tsx(14,27): error TS2307: Cannot find module '@/actions/post' or its corresponding type declarations.
collegebay/web/src/pages/UserPostDetails.tsx(15,34): error TS2307: Cannot find module '@/components/mark-post-sold-form' or its corresponding type declarations.
collegebay/web/src/pages/UserPostDetails.tsx(16,35): error TS2307: Cannot find module '@/actions/types' or its corresponding type declarations.
collegebay/web/src/pages/UserPostDetails.tsx(19,31): error TS2307: Cannot find module '@/components/confirm-btn' or its corresponding type declarations.
collegebay/web/src/pages/UserPostDetails.tsx(20,29): error TS2307: Cannot find module '@/actions/chat' or its corresponding type declarations.
collegebay/web/src/pages/UserPostDetails.tsx(21,26): error TS2307: Cannot find module '@/lib/supabase' or its corresponding type declarations.
collegebay/web/tailwind.config.ts(4,3): error TS2322: Type '["class"]' is not assignable to type 'DarkModeStrategy'.
  Type '["class"]' is not assignable to type '["class", string]'.
    Source has 1 element(s) but target requires 2.
components/FeedbackModal.tsx(26,57): error TS2769: No overload matches this call.
  Overload 1 of 2, '(values: never, options?: { count?: "exact" | "planned" | "estimated"; }): PostgrestFilterBuilder<{ PostgrestVersion: "12"; }, never, never, null, "feedback", never, "POST">', gave the following error.
    Argument of type '{ user_id: string; rating: "good" | "neutral" | "bad"; message: string; }' is not assignable to parameter of type 'never'.
  Overload 2 of 2, '(values: never[], options?: { count?: "exact" | "planned" | "estimated"; defaultToNull?: boolean; }): PostgrestFilterBuilder<{ PostgrestVersion: "12"; }, never, never, null, "feedback", never, "POST">', gave the following error.
    Object literal may only specify known properties, and 'user_id' does not exist in type 'never[]'.
pages/Explore.tsx(74,50): error TS2698: Spread types may only be created from object types.
pages/games/runner/components/World/Effects.tsx(13,21): error TS2322: Type '{ children: Element[]; disableNormalPass: true; multisampling: number; }' is not assignable to type 'IntrinsicAttributes & EffectComposerProps & RefAttributes<EffectComposer>'.
  Property 'disableNormalPass' does not exist on type 'IntrinsicAttributes & EffectComposerProps & RefAttributes<EffectComposer>'. Did you mean 'enableNormalPass'?
pages/leaderboard/CreateLeaderboardModal.tsx(41,67): error TS2769: No overload matches this call.
  Overload 1 of 2, '(values: never, options?: { count?: "exact" | "planned" | "estimated"; }): PostgrestFilterBuilder<{ PostgrestVersion: "12"; }, never, never, null, "leaderboards", never, "POST">', gave the following error.
    Argument of type '{ title: string; description: string; entity_type: string; slug: string; metadata: { theme_color: string; icon: string; cover_image: any; }; }' is not assignable to parameter of type 'never'.
  Overload 2 of 2, '(values: never[], options?: { count?: "exact" | "planned" | "estimated"; defaultToNull?: boolean; }): PostgrestFilterBuilder<{ PostgrestVersion: "12"; }, never, never, null, "leaderboards", never, "POST">', gave the following error.
    Object literal may only specify known properties, and 'title' does not exist in type 'never[]'.
pages/leaderboard/LeaderboardRankingsList.tsx(43,48): error TS2769: No overload matches this call.
  Overload 1 of 2, '(values: never, options?: { count?: "exact" | "planned" | "estimated"; }): PostgrestFilterBuilder<{ PostgrestVersion: "12"; }, never, never, null, "ranked_entities", never, "POST">', gave the following error.
    Argument of type '{ leaderboard_id: any; name: string; elo_score: number; }' is not assignable to parameter of type 'never'.
  Overload 2 of 2, '(values: never[], options?: { count?: "exact" | "planned" | "estimated"; defaultToNull?: boolean; }): PostgrestFilterBuilder<{ PostgrestVersion: "12"; }, never, never, null, "ranked_entities", never, "POST">', gave the following error.
    Object literal may only specify known properties, and 'leaderboard_id' does not exist in type 'never[]'.
pages/leaderboard/LeaderboardVote.tsx(62,74): error TS2345: Argument of type '{ match_leaderboard_id: any; match_winner_id: any; match_loser_id: any; match_is_draw: boolean; }' is not assignable to parameter of type 'never'.
pages/leaderboard/LeaderboardVote.tsx(74,21): error TS2367: This comparison appears to be unintentional because the types 'number' and 'string' have no overlap.
pages/leaderboard/LeaderboardVote.tsx(84,74): error TS2345: Argument of type '{ match_leaderboard_id: any; match_winner_id: any; match_loser_id: any; match_is_draw: boolean; }' is not assignable to parameter of type 'never'.
pages/realtime/BlindDateHome.tsx(34,30): error TS2339: Property 'is_active' does not exist on type 'never'.
pages/realtime/BlindDateHome.tsx(35,31): error TS2339: Property 'preferred_start_time' does not exist on type 'never'.
pages/realtime/BlindDateHome.tsx(36,29): error TS2339: Property 'preferred_end_time' does not exist on type 'never'.
pages/realtime/BlindDateHome.tsx(53,21): error TS2769: No overload matches this call.
  Overload 1 of 2, '(values: never, options?: { onConflict?: string; ignoreDuplicates?: boolean; count?: "exact" | "planned" | "estimated"; }): PostgrestFilterBuilder<{ PostgrestVersion: "12"; }, never, never, null, "blind_date_preferences", never, "POST">', gave the following error.
    Argument of type '{ user_id: string; is_active: boolean; preferred_start_time: string; preferred_end_time: string; updated_at: string; }' is not assignable to parameter of type 'never'.
  Overload 2 of 2, '(values: never[], options?: { onConflict?: string; ignoreDuplicates?: boolean; count?: "exact" | "planned" | "estimated"; defaultToNull?: boolean; }): PostgrestFilterBuilder<{ PostgrestVersion: "12"; }, never, ... 4 more ..., "POST">', gave the following error.
    Argument of type '{ user_id: string; is_active: boolean; preferred_start_time: string; preferred_end_time: string; updated_at: string; }' is not assignable to parameter of type 'never[]'.
      Type '{ user_id: string; is_active: boolean; preferred_start_time: string; preferred_end_time: string; updated_at: string; }' is missing the following properties from type 'never[]': length, pop, push, concat, and 35 more.
pages/realtime/BlindDateHome.tsx(65,59): error TS2769: No overload matches this call.
  Overload 1 of 2, '(values: never, options?: { onConflict?: string; ignoreDuplicates?: boolean; count?: "exact" | "planned" | "estimated"; }): PostgrestFilterBuilder<{ PostgrestVersion: "12"; }, never, never, null, "blind_date_preferences", never, "POST">', gave the following error.
    Argument of type '{ user_id: string; is_active: boolean; preferred_start_time: string; preferred_end_time: string; updated_at: string; }' is not assignable to parameter of type 'never'.
  Overload 2 of 2, '(values: never[], options?: { onConflict?: string; ignoreDuplicates?: boolean; count?: "exact" | "planned" | "estimated"; defaultToNull?: boolean; }): PostgrestFilterBuilder<{ PostgrestVersion: "12"; }, never, ... 4 more ..., "POST">', gave the following error.
    Object literal may only specify known properties, and 'user_id' does not exist in type 'never[]'.
pages/realtime/MeetHome.tsx(23,14): error TS2769: No overload matches this call.
  Overload 1 of 2, '(values: never, options?: { count?: "exact" | "planned" | "estimated"; }): PostgrestFilterBuilder<{ PostgrestVersion: "12"; }, never, never, null, "rooms", never, "POST">', gave the following error.
    Argument of type '{ created_by: string; }' is not assignable to parameter of type 'never'.
  Overload 2 of 2, '(values: never[], options?: { count?: "exact" | "planned" | "estimated"; defaultToNull?: boolean; }): PostgrestFilterBuilder<{ PostgrestVersion: "12"; }, never, never, null, "rooms", never, "POST">', gave the following error.
    Object literal may only specify known properties, and 'created_by' does not exist in type 'never[]'.
pages/realtime/MeetHome.tsx(28,29): error TS2339: Property 'id' does not exist on type 'never'.
src/features/marketplace/components/admin-action-btn.tsx(8,8): error TS2307: Cannot find module '@marketplace/actions/admin' or its corresponding type declarations.
src/features/marketplace/components/admin-dashboard-table.tsx(11,42): error TS2307: Cannot find module '@marketplace/actions/types' or its corresponding type declarations.
src/features/marketplace/components/chat-messages.tsx(3,31): error TS2307: Cannot find module '@marketplace/actions/types' or its corresponding type declarations.
src/features/marketplace/components/confirm-btn.tsx(7,38): error TS2307: Cannot find module '@marketplace/actions/post' or its corresponding type declarations.
src/features/marketplace/components/create-post-form.tsx(14,28): error TS2307: Cannot find module '@marketplace/actions/post' or its corresponding type declarations.
src/features/marketplace/components/create-request-form.tsx(15,31): error TS2307: Cannot find module '@marketplace/actions/request' or its corresponding type declarations.
src/features/marketplace/components/feedback-form.tsx(8,30): error TS2307: Cannot find module '@marketplace/actions/post' or its corresponding type declarations.
src/features/marketplace/components/mark-as-read-btn.tsx(4,28): error TS2307: Cannot find module '@marketplace/actions/user' or its corresponding type declarations.
src/features/marketplace/components/mark-post-sold-form.tsx(15,26): error TS2307: Cannot find module '@marketplace/actions/post' or its corresponding type declarations.
src/features/marketplace/components/mark-post-sold-form.tsx(16,28): error TS2307: Cannot find module '@marketplace/actions/types' or its corresponding type declarations.
src/features/marketplace/components/message-box.tsx(6,38): error TS2307: Cannot find module '@marketplace/actions/types' or its corresponding type declarations.
src/features/marketplace/components/message-input.tsx(9,29): error TS2307: Cannot find module '@marketplace/actions/message' or its corresponding type declarations.
src/features/marketplace/components/message-seller-btn.tsx(8,27): error TS2307: Cannot find module '@marketplace/actions/chat' or its corresponding type declarations.
src/features/marketplace/components/post-card.tsx(13,28): error TS2307: Cannot find module '@marketplace/actions/types' or its corresponding type declarations.
src/features/marketplace/components/purchased-card.tsx(16,28): error TS2307: Cannot find module '@marketplace/actions/types' or its corresponding type declarations.
src/features/marketplace/components/request-card.tsx(11,35): error TS2307: Cannot find module '@marketplace/actions/types' or its corresponding type declarations.
src/features/marketplace/components/request-card.tsx(12,31): error TS2307: Cannot find module '@marketplace/actions/request' or its corresponding type declarations.
src/features/marketplace/components/ui/sonner.tsx(3,26): error TS2307: Cannot find module 'next-themes' or its corresponding type declarations.
src/features/marketplace/components/update-profile-form.tsx(18,31): error TS2307: Cannot find module '@marketplace/actions/user' or its corresponding type declarations.
src/features/marketplace/components/user-request-actions-btn.tsx(10,31): error TS2307: Cannot find module '@marketplace/actions/request' or its corresponding type declarations.
src/features/marketplace/src/layouts/DashboardLayout.tsx(15,40): error TS2307: Cannot find module '@marketplace/actions/user' or its corresponding type declarations.
src/features/marketplace/src/layouts/DashboardLayout.tsx(17,40): error TS2307: Cannot find module '@marketplace/actions/types' or its corresponding type declarations.
src/features/marketplace/src/pages/Chat.tsx(3,25): error TS2307: Cannot find module '@marketplace/actions/chat' or its corresponding type declarations.
src/features/marketplace/src/pages/Chat.tsx(4,28): error TS2307: Cannot find module '@marketplace/actions/types' or its corresponding type declarations.
src/features/marketplace/src/pages/Home.tsx(14,48): error TS2307: Cannot find module '@marketplace/actions/post' or its corresponding type declarations.
src/features/marketplace/src/pages/Home.tsx(15,28): error TS2307: Cannot find module '@marketplace/actions/types' or its corresponding type declarations.
src/features/marketplace/src/pages/Messages.tsx(5,29): error TS2307: Cannot find module '@marketplace/actions/chat' or its corresponding type declarations.
src/features/marketplace/src/pages/Messages.tsx(6,28): error TS2307: Cannot find module '@marketplace/actions/types' or its corresponding type declarations.
src/features/marketplace/src/pages/Notifications.tsx(6,40): error TS2307: Cannot find module '@marketplace/actions/user' or its corresponding type declarations.
src/features/marketplace/src/pages/Notifications.tsx(7,40): error TS2307: Cannot find module '@marketplace/actions/types' or its corresponding type declarations.
src/features/marketplace/src/pages/Profile.tsx(7,34): error TS2307: Cannot find module '@marketplace/actions/user' or its corresponding type declarations.
src/features/marketplace/src/pages/Profile.tsx(8,35): error TS2307: Cannot find module '@marketplace/actions/types' or its corresponding type declarations.
src/features/marketplace/src/pages/Requests.tsx(12,31): error TS2307: Cannot find module '@marketplace/actions/request' or its corresponding type declarations.
src/features/marketplace/src/pages/Requests.tsx(13,35): error TS2307: Cannot find module '@marketplace/actions/types' or its corresponding type declarations.
src/features/marketplace/src/pages/ResourceDetails.tsx(8,27): error TS2307: Cannot find module '@marketplace/actions/post' or its corresponding type declarations.
src/features/marketplace/src/pages/ResourceDetails.tsx(9,28): error TS2307: Cannot find module '@marketplace/actions/types' or its corresponding type declarations.
src/features/marketplace/src/pages/UpdateProfile.tsx(4,34): error TS2307: Cannot find module '@marketplace/actions/user' or its corresponding type declarations.
src/features/marketplace/src/pages/UserPostDetails.tsx(14,27): error TS2307: Cannot find module '@marketplace/actions/post' or its corresponding type declarations.
src/features/marketplace/src/pages/UserPostDetails.tsx(16,35): error TS2307: Cannot find module '@marketplace/actions/types' or its corresponding type declarations.
src/features/marketplace/src/pages/UserPostDetails.tsx(20,29): error TS2307: Cannot find module '@marketplace/actions/chat' or its corresponding type declarations.
src/hooks/useFcm.ts(89,18): error TS2769: No overload matches this call.
  Overload 1 of 2, '(values: never, options?: { onConflict?: string; ignoreDuplicates?: boolean; count?: "exact" | "planned" | "estimated"; }): PostgrestFilterBuilder<{ PostgrestVersion: "12"; }, never, never, null, "fcm_tokens", never, "POST">', gave the following error.
    Argument of type '{ user_id: string; token: string; platform: string; last_seen_at: string; }' is not assignable to parameter of type 'never'.
  Overload 2 of 2, '(values: never[], options?: { onConflict?: string; ignoreDuplicates?: boolean; count?: "exact" | "planned" | "estimated"; defaultToNull?: boolean; }): PostgrestFilterBuilder<{ PostgrestVersion: "12"; }, never, ... 4 more ..., "POST">', gave the following error.
    Object literal may only specify known properties, and 'user_id' does not exist in type 'never[]'.
store/AppContext.tsx(149,18): error TS2339: Property 'id' does not exist on type 'never'.
store/AppContext.tsx(150,20): error TS2339: Property 'full_name' does not exist on type 'never'.
store/AppContext.tsx(151,22): error TS2339: Property 'handle' does not exist on type 'never'.
store/AppContext.tsx(152,22): error TS2339: Property 'avatar_url' does not exist on type 'never'.
store/AppContext.tsx(153,26): error TS2339: Property 'cover_url' does not exist on type 'never'.
store/AppContext.tsx(154,19): error TS2339: Property 'bio' does not exist on type 'never'.
store/AppContext.tsx(160,16): error TS2339: Property 'font_size' does not exist on type 'never'.
store/AppContext.tsx(163,26): error TS2339: Property 'font_size' does not exist on type 'never'.
store/AppContext.tsx(164,26): error TS2339: Property 'is_italic' does not exist on type 'never'.
store/AppContext.tsx(369,46): error TS2345: Argument of type '{ font_size: "sm" | "base" | "lg"; is_italic: boolean; }' is not assignable to parameter of type 'never'.
store/AppContext.tsx(396,64): error TS2345: Argument of type '{ avatar_url: string; cover_url?: undefined; } | { cover_url: string; avatar_url?: undefined; }' is not assignable to parameter of type 'never'.
  Type '{ avatar_url: string; cover_url?: undefined; }' is not assignable to type 'never'.
store/AppContext.tsx(412,62): error TS2345: Argument of type '{ bio: string; }' is not assignable to parameter of type 'never'.
store/AppContext.tsx(427,62): error TS2345: Argument of type '{ handle: string; }' is not assignable to parameter of type 'never'.
store/AppContext.tsx(456,18): error TS2339: Property 'id' does not exist on type 'never'.
store/AppContext.tsx(457,20): error TS2339: Property 'full_name' does not exist on type 'never'.
store/AppContext.tsx(458,22): error TS2339: Property 'avatar_url' does not exist on type 'never'.
store/AppContext.tsx(459,26): error TS2339: Property 'cover_url' does not exist on type 'never'.
store/AppContext.tsx(460,19): error TS2339: Property 'bio' does not exist on type 'never'.
store/AppContext.tsx(461,32): error TS2339: Property 'privacy_settings' does not exist on type 'never'.
store/AppContext.tsx(476,62): error TS2345: Argument of type '{ privacy_settings: { showBio: boolean; showTimeline: boolean; }; }' is not assignable to parameter of type 'never'.
store/AppContext.tsx(491,45): error TS2345: Argument of type '{ views_count: number; }' is not assignable to parameter of type 'never'.
store/AppContext.tsx(521,36): error TS2769: No overload matches this call.
  Overload 1 of 2, '(values: never, options?: { count?: "exact" | "planned" | "estimated"; }): PostgrestFilterBuilder<{ PostgrestVersion: "12"; }, never, never, null, "likes", never, "POST">', gave the following error.
    Argument of type '{ user_id: string; story_id: string; }' is not assignable to parameter of type 'never'.
  Overload 2 of 2, '(values: never[], options?: { count?: "exact" | "planned" | "estimated"; defaultToNull?: boolean; }): PostgrestFilterBuilder<{ PostgrestVersion: "12"; }, never, never, null, "likes", never, "POST">', gave the following error.
    Object literal may only specify known properties, and 'user_id' does not exist in type 'never[]'.
store/AppContext.tsx(556,61): error TS2769: No overload matches this call.
  Overload 1 of 2, '(values: never, options?: { count?: "exact" | "planned" | "estimated"; }): PostgrestFilterBuilder<{ PostgrestVersion: "12"; }, never, never, null, "comments", never, "POST">', gave the following error.
    Argument of type '{ story_id: string; user_id: string; parent_id: string; content: string; }' is not assignable to parameter of type 'never'.
  Overload 2 of 2, '(values: never[], options?: { count?: "exact" | "planned" | "estimated"; defaultToNull?: boolean; }): PostgrestFilterBuilder<{ PostgrestVersion: "12"; }, never, never, null, "comments", never, "POST">', gave the following error.
    Object literal may only specify known properties, and 'story_id' does not exist in type 'never[]'.
store/AppContext.tsx(594,54): error TS2769: No overload matches this call.
  Overload 1 of 2, '(values: never, options?: { count?: "exact" | "planned" | "estimated"; }): PostgrestFilterBuilder<{ PostgrestVersion: "12"; }, never, never, null, "stories", never, "POST">', gave the following error.
    Argument of type '{ author_id: string; title: string; description: string; content: string; image_url: any; audio_url: string; is_anonymous: boolean; }' is not assignable to parameter of type 'never'.
  Overload 2 of 2, '(values: never[], options?: { count?: "exact" | "planned" | "estimated"; defaultToNull?: boolean; }): PostgrestFilterBuilder<{ PostgrestVersion: "12"; }, never, never, null, "stories", never, "POST">', gave the following error.
    Object literal may only specify known properties, and 'author_id' does not exist in type 'never[]'.
store/AppContext.tsx(635,61): error TS2345: Argument of type '{ is_hidden: boolean; }' is not assignable to parameter of type 'never'.
store/AppContext.tsx(657,61): error TS2345: Argument of type 'any' is not assignable to parameter of type 'never'.
